{"mix":"0xe023223fb0284d17","last_obs":["0x000000000000000,"0x000000000000000,"0x000000000000000,"0x000000000000000]}