{"mix":"0xb923843af0ab6000","last_obs":["0x5900a60540832d1,"0xa90ac00204b638c,"0x053a0355e4b4db9,"0xd650495900cff6b]}