{"mix":"0xbaa303eaa0aefb22","last_obs":["0x5a8021d51086b63,"0xd6cac0a844b2199,"0x581c84d5e495de1,"0xd7d610780025f2e]}